../../Drivers/STM32H7xx_HAL_Driver/Inc/stm32h7xx_ll_adc.h:2731:22:LL_ADC_SetCommonPathInternalCh	16	static
../../Drivers/STM32H7xx_HAL_Driver/Inc/stm32h7xx_ll_adc.h:2753:26:LL_ADC_GetCommonPathInternalCh	16	static
../../Drivers/STM32H7xx_HAL_Driver/Inc/stm32h7xx_ll_adc.h:2859:22:LL_ADC_SetCalibrationOffsetFactor	24	static
../../Drivers/STM32H7xx_HAL_Driver/Inc/stm32h7xx_ll_adc.h:2890:26:LL_ADC_GetCalibrationOffsetFactor	16	static
../../Drivers/STM32H7xx_HAL_Driver/Inc/stm32h7xx_ll_adc.h:2925:22:LL_ADC_SetCalibrationLinearFactor	32	static
../../Drivers/STM32H7xx_HAL_Driver/Inc/stm32h7xx_ll_adc.h:2965:26:LL_ADC_GetCalibrationLinearFactor	24	static
../../Drivers/STM32H7xx_HAL_Driver/Inc/stm32h7xx_ll_adc.h:3379:22:LL_ADC_SetOffset	32	static
../../Drivers/STM32H7xx_HAL_Driver/Inc/stm32h7xx_ll_adc.h:3461:26:LL_ADC_GetOffsetChannel	24	static
../../Drivers/STM32H7xx_HAL_Driver/Inc/stm32h7xx_ll_adc.h:3552:22:LL_ADC_SetOffsetSignedSaturation	32	static
../../Drivers/STM32H7xx_HAL_Driver/Inc/stm32h7xx_ll_adc.h:3928:26:LL_ADC_REG_IsTriggerSourceSWStart	16	static
../../Drivers/STM32H7xx_HAL_Driver/Inc/stm32h7xx_ll_adc.h:4715:26:LL_ADC_INJ_IsTriggerSourceSWStart	16	static
../../Drivers/STM32H7xx_HAL_Driver/Inc/stm32h7xx_ll_adc.h:5017:26:LL_ADC_INJ_GetTrigAuto	16	static
../../Drivers/STM32H7xx_HAL_Driver/Inc/stm32h7xx_ll_adc.h:5063:22:LL_ADC_INJ_SetQueueMode	16	static
../../Drivers/STM32H7xx_HAL_Driver/Inc/stm32h7xx_ll_adc.h:5409:22:LL_ADC_SetChannelSamplingTime	32	static
../../Drivers/STM32H7xx_HAL_Driver/Inc/stm32h7xx_ll_adc.h:5555:22:LL_ADC_SetChannelSingleDiff	24	static
../../Drivers/STM32H7xx_HAL_Driver/Inc/stm32h7xx_ll_adc.h:6601:26:LL_ADC_GetMultimode	16	static
../../Drivers/STM32H7xx_HAL_Driver/Inc/stm32h7xx_ll_adc.h:6795:22:LL_ADC_EnableDeepPowerDown	16	static
../../Drivers/STM32H7xx_HAL_Driver/Inc/stm32h7xx_ll_adc.h:6870:22:LL_ADC_DisableInternalRegulator	16	static
../../Drivers/STM32H7xx_HAL_Driver/Inc/stm32h7xx_ll_adc.h:6941:26:LL_ADC_IsEnabled	16	static
../../Drivers/STM32H7xx_HAL_Driver/Inc/stm32h7xx_ll_adc.h:6990:22:LL_ADC_StartCalibration	24	static
../../Drivers/STM32H7xx_HAL_Driver/Inc/stm32h7xx_ll_adc.h:7006:26:LL_ADC_IsCalibrationOnGoing	16	static
../../Drivers/STM32H7xx_HAL_Driver/Inc/stm32h7xx_ll_adc.h:7037:22:LL_ADC_REG_StartConversion	16	static
../../Drivers/STM32H7xx_HAL_Driver/Inc/stm32h7xx_ll_adc.h:7057:22:LL_ADC_REG_StopConversion	16	static
../../Drivers/STM32H7xx_HAL_Driver/Inc/stm32h7xx_ll_adc.h:7073:26:LL_ADC_REG_IsConversionOngoing	16	static
../../Drivers/STM32H7xx_HAL_Driver/Inc/stm32h7xx_ll_adc.h:7232:22:LL_ADC_INJ_StartConversion	16	static
../../Drivers/STM32H7xx_HAL_Driver/Inc/stm32h7xx_ll_adc.h:7268:26:LL_ADC_INJ_IsConversionOngoing	16	static
C:/Users/Nico/Documents/Embedded/DataAcquisition2.0/Project/DAQ_H7/Drivers/STM32H7xx_HAL_Driver/Src/stm32h7xx_hal_adc_ex.c:126:19:HAL_ADCEx_Calibration_Start	32	static
C:/Users/Nico/Documents/Embedded/DataAcquisition2.0/Project/DAQ_H7/Drivers/STM32H7xx_HAL_Driver/Src/stm32h7xx_hal_adc_ex.c:200:10:HAL_ADCEx_Calibration_GetValue	16	static
C:/Users/Nico/Documents/Embedded/DataAcquisition2.0/Project/DAQ_H7/Drivers/STM32H7xx_HAL_Driver/Src/stm32h7xx_hal_adc_ex.c:216:19:HAL_ADCEx_LinearCalibration_GetValue	40	static
C:/Users/Nico/Documents/Embedded/DataAcquisition2.0/Project/DAQ_H7/Drivers/STM32H7xx_HAL_Driver/Src/stm32h7xx_hal_adc_ex.c:263:19:HAL_ADCEx_Calibration_SetValue	40	static
C:/Users/Nico/Documents/Embedded/DataAcquisition2.0/Project/DAQ_H7/Drivers/STM32H7xx_HAL_Driver/Src/stm32h7xx_hal_adc_ex.c:326:19:HAL_ADCEx_LinearCalibration_SetValue	32	static
C:/Users/Nico/Documents/Embedded/DataAcquisition2.0/Project/DAQ_H7/Drivers/STM32H7xx_HAL_Driver/Src/stm32h7xx_hal_adc_ex.c:417:19:HAL_ADCEx_LinearCalibration_FactorLoad	56	static
C:/Users/Nico/Documents/Embedded/DataAcquisition2.0/Project/DAQ_H7/Drivers/STM32H7xx_HAL_Driver/Src/stm32h7xx_hal_adc_ex.c:463:19:HAL_ADCEx_InjectedStart	32	static
C:/Users/Nico/Documents/Embedded/DataAcquisition2.0/Project/DAQ_H7/Drivers/STM32H7xx_HAL_Driver/Src/stm32h7xx_hal_adc_ex.c:600:19:HAL_ADCEx_InjectedStop	24	static
C:/Users/Nico/Documents/Embedded/DataAcquisition2.0/Project/DAQ_H7/Drivers/STM32H7xx_HAL_Driver/Src/stm32h7xx_hal_adc_ex.c:655:19:HAL_ADCEx_InjectedPollForConversion	48	static
C:/Users/Nico/Documents/Embedded/DataAcquisition2.0/Project/DAQ_H7/Drivers/STM32H7xx_HAL_Driver/Src/stm32h7xx_hal_adc_ex.c:789:19:HAL_ADCEx_InjectedStart_IT	32	static
C:/Users/Nico/Documents/Embedded/DataAcquisition2.0/Project/DAQ_H7/Drivers/STM32H7xx_HAL_Driver/Src/stm32h7xx_hal_adc_ex.c:950:19:HAL_ADCEx_InjectedStop_IT	24	static
C:/Users/Nico/Documents/Embedded/DataAcquisition2.0/Project/DAQ_H7/Drivers/STM32H7xx_HAL_Driver/Src/stm32h7xx_hal_adc_ex.c:1019:19:HAL_ADCEx_MultiModeStart_DMA	136	static
C:/Users/Nico/Documents/Embedded/DataAcquisition2.0/Project/DAQ_H7/Drivers/STM32H7xx_HAL_Driver/Src/stm32h7xx_hal_adc_ex.c:1156:19:HAL_ADCEx_MultiModeStop_DMA	136	static
C:/Users/Nico/Documents/Embedded/DataAcquisition2.0/Project/DAQ_H7/Drivers/STM32H7xx_HAL_Driver/Src/stm32h7xx_hal_adc_ex.c:1280:10:HAL_ADCEx_MultiModeGetValue	24	static
C:/Users/Nico/Documents/Embedded/DataAcquisition2.0/Project/DAQ_H7/Drivers/STM32H7xx_HAL_Driver/Src/stm32h7xx_hal_adc_ex.c:1326:10:HAL_ADCEx_InjectedGetValue	24	static
C:/Users/Nico/Documents/Embedded/DataAcquisition2.0/Project/DAQ_H7/Drivers/STM32H7xx_HAL_Driver/Src/stm32h7xx_hal_adc_ex.c:1361:13:HAL_ADCEx_InjectedConvCpltCallback	16	static
C:/Users/Nico/Documents/Embedded/DataAcquisition2.0/Project/DAQ_H7/Drivers/STM32H7xx_HAL_Driver/Src/stm32h7xx_hal_adc_ex.c:1380:13:HAL_ADCEx_InjectedQueueOverflowCallback	16	static
C:/Users/Nico/Documents/Embedded/DataAcquisition2.0/Project/DAQ_H7/Drivers/STM32H7xx_HAL_Driver/Src/stm32h7xx_hal_adc_ex.c:1395:13:HAL_ADCEx_LevelOutOfWindow2Callback	16	static
C:/Users/Nico/Documents/Embedded/DataAcquisition2.0/Project/DAQ_H7/Drivers/STM32H7xx_HAL_Driver/Src/stm32h7xx_hal_adc_ex.c:1410:13:HAL_ADCEx_LevelOutOfWindow3Callback	16	static
C:/Users/Nico/Documents/Embedded/DataAcquisition2.0/Project/DAQ_H7/Drivers/STM32H7xx_HAL_Driver/Src/stm32h7xx_hal_adc_ex.c:1426:13:HAL_ADCEx_EndOfSamplingCallback	16	static
C:/Users/Nico/Documents/Embedded/DataAcquisition2.0/Project/DAQ_H7/Drivers/STM32H7xx_HAL_Driver/Src/stm32h7xx_hal_adc_ex.c:1443:19:HAL_ADCEx_RegularStop	24	static
C:/Users/Nico/Documents/Embedded/DataAcquisition2.0/Project/DAQ_H7/Drivers/STM32H7xx_HAL_Driver/Src/stm32h7xx_hal_adc_ex.c:1501:19:HAL_ADCEx_RegularStop_IT	24	static
C:/Users/Nico/Documents/Embedded/DataAcquisition2.0/Project/DAQ_H7/Drivers/STM32H7xx_HAL_Driver/Src/stm32h7xx_hal_adc_ex.c:1561:19:HAL_ADCEx_RegularStop_DMA	24	static
C:/Users/Nico/Documents/Embedded/DataAcquisition2.0/Project/DAQ_H7/Drivers/STM32H7xx_HAL_Driver/Src/stm32h7xx_hal_adc_ex.c:1647:19:HAL_ADCEx_RegularMultiModeStop_DMA	128	static
C:/Users/Nico/Documents/Embedded/DataAcquisition2.0/Project/DAQ_H7/Drivers/STM32H7xx_HAL_Driver/Src/stm32h7xx_hal_adc_ex.c:1831:19:HAL_ADCEx_InjectedConfigChannel	248	static,ignoring_inline_asm
C:/Users/Nico/Documents/Embedded/DataAcquisition2.0/Project/DAQ_H7/Drivers/STM32H7xx_HAL_Driver/Src/stm32h7xx_hal_adc_ex.c:2394:19:HAL_ADCEx_MultiModeConfigChannel	136	static
C:/Users/Nico/Documents/Embedded/DataAcquisition2.0/Project/DAQ_H7/Drivers/STM32H7xx_HAL_Driver/Src/stm32h7xx_hal_adc_ex.c:2507:19:HAL_ADCEx_EnableInjectedQueue	32	static
C:/Users/Nico/Documents/Embedded/DataAcquisition2.0/Project/DAQ_H7/Drivers/STM32H7xx_HAL_Driver/Src/stm32h7xx_hal_adc_ex.c:2548:19:HAL_ADCEx_DisableInjectedQueue	32	static
C:/Users/Nico/Documents/Embedded/DataAcquisition2.0/Project/DAQ_H7/Drivers/STM32H7xx_HAL_Driver/Src/stm32h7xx_hal_adc_ex.c:2585:19:HAL_ADCEx_DisableVoltageRegulator	24	static
C:/Users/Nico/Documents/Embedded/DataAcquisition2.0/Project/DAQ_H7/Drivers/STM32H7xx_HAL_Driver/Src/stm32h7xx_hal_adc_ex.c:2622:19:HAL_ADCEx_EnterADCDeepPowerDownMode	24	static
