../../Drivers/STM32H7xx_HAL_Driver/Inc/stm32h7xx_ll_adc.h:2663:22:LL_ADC_SetCommonClock	16	static
../../Drivers/STM32H7xx_HAL_Driver/Inc/stm32h7xx_ll_adc.h:2731:22:LL_ADC_SetCommonPathInternalCh	16	static
../../Drivers/STM32H7xx_HAL_Driver/Inc/stm32h7xx_ll_adc.h:2753:26:LL_ADC_GetCommonPathInternalCh	16	static
../../Drivers/STM32H7xx_HAL_Driver/Inc/stm32h7xx_ll_adc.h:3379:22:LL_ADC_SetOffset	32	static
../../Drivers/STM32H7xx_HAL_Driver/Inc/stm32h7xx_ll_adc.h:3510:22:LL_ADC_SetDataRightShift	24	static
../../Drivers/STM32H7xx_HAL_Driver/Inc/stm32h7xx_ll_adc.h:3552:22:LL_ADC_SetOffsetSignedSaturation	32	static
../../Drivers/STM32H7xx_HAL_Driver/Inc/stm32h7xx_ll_adc.h:3928:26:LL_ADC_REG_IsTriggerSourceSWStart	16	static
../../Drivers/STM32H7xx_HAL_Driver/Inc/stm32h7xx_ll_adc.h:4255:22:LL_ADC_REG_SetSequencerRanks	32	static
../../Drivers/STM32H7xx_HAL_Driver/Inc/stm32h7xx_ll_adc.h:4419:22:LL_ADC_REG_SetDataTransferMode	16	static
../../Drivers/STM32H7xx_HAL_Driver/Inc/stm32h7xx_ll_adc.h:4715:26:LL_ADC_INJ_IsTriggerSourceSWStart	16	static
../../Drivers/STM32H7xx_HAL_Driver/Inc/stm32h7xx_ll_adc.h:5409:22:LL_ADC_SetChannelSamplingTime	32	static
../../Drivers/STM32H7xx_HAL_Driver/Inc/stm32h7xx_ll_adc.h:5555:22:LL_ADC_SetChannelSingleDiff	24	static
../../Drivers/STM32H7xx_HAL_Driver/Inc/stm32h7xx_ll_adc.h:5774:22:LL_ADC_SetAnalogWDMonitChannels	32	static
../../Drivers/STM32H7xx_HAL_Driver/Inc/stm32h7xx_ll_adc.h:6601:26:LL_ADC_GetMultimode	16	static
../../Drivers/STM32H7xx_HAL_Driver/Inc/stm32h7xx_ll_adc.h:6692:26:LL_ADC_GetMultiDMATransfer	16	static
../../Drivers/STM32H7xx_HAL_Driver/Inc/stm32h7xx_ll_adc.h:6818:22:LL_ADC_DisableDeepPowerDown	16	static
../../Drivers/STM32H7xx_HAL_Driver/Inc/stm32h7xx_ll_adc.h:6832:26:LL_ADC_IsDeepPowerDownEnabled	16	static
../../Drivers/STM32H7xx_HAL_Driver/Inc/stm32h7xx_ll_adc.h:6851:22:LL_ADC_EnableInternalRegulator	16	static
../../Drivers/STM32H7xx_HAL_Driver/Inc/stm32h7xx_ll_adc.h:6881:26:LL_ADC_IsInternalRegulatorEnabled	16	static
../../Drivers/STM32H7xx_HAL_Driver/Inc/stm32h7xx_ll_adc.h:6902:22:LL_ADC_Enable	16	static
../../Drivers/STM32H7xx_HAL_Driver/Inc/stm32h7xx_ll_adc.h:6922:22:LL_ADC_Disable	16	static
../../Drivers/STM32H7xx_HAL_Driver/Inc/stm32h7xx_ll_adc.h:6941:26:LL_ADC_IsEnabled	16	static
../../Drivers/STM32H7xx_HAL_Driver/Inc/stm32h7xx_ll_adc.h:6952:26:LL_ADC_IsDisableOngoing	16	static
../../Drivers/STM32H7xx_HAL_Driver/Inc/stm32h7xx_ll_adc.h:7037:22:LL_ADC_REG_StartConversion	16	static
../../Drivers/STM32H7xx_HAL_Driver/Inc/stm32h7xx_ll_adc.h:7057:22:LL_ADC_REG_StopConversion	16	static
../../Drivers/STM32H7xx_HAL_Driver/Inc/stm32h7xx_ll_adc.h:7073:26:LL_ADC_REG_IsConversionOngoing	16	static
../../Drivers/STM32H7xx_HAL_Driver/Inc/stm32h7xx_ll_adc.h:7252:22:LL_ADC_INJ_StopConversion	16	static
../../Drivers/STM32H7xx_HAL_Driver/Inc/stm32h7xx_ll_adc.h:7268:26:LL_ADC_INJ_IsConversionOngoing	16	static
../../Drivers/STM32H7xx_HAL_Driver/Inc/stm32h7xx_ll_adc.h:7685:22:LL_ADC_ClearFlag_AWD1	16	static
../../Drivers/STM32H7xx_HAL_Driver/Inc/stm32h7xx_ll_adc.h:7696:22:LL_ADC_ClearFlag_AWD2	16	static
../../Drivers/STM32H7xx_HAL_Driver/Inc/stm32h7xx_ll_adc.h:7707:22:LL_ADC_ClearFlag_AWD3	16	static
../../Drivers/STM32H7xx_HAL_Driver/Inc/stm32h7xx_ll_adc.h:8078:22:LL_ADC_EnableIT_AWD1	16	static
../../Drivers/STM32H7xx_HAL_Driver/Inc/stm32h7xx_ll_adc.h:8089:22:LL_ADC_EnableIT_AWD2	16	static
../../Drivers/STM32H7xx_HAL_Driver/Inc/stm32h7xx_ll_adc.h:8100:22:LL_ADC_EnableIT_AWD3	16	static
../../Drivers/STM32H7xx_HAL_Driver/Inc/stm32h7xx_ll_adc.h:8199:22:LL_ADC_DisableIT_AWD1	16	static
../../Drivers/STM32H7xx_HAL_Driver/Inc/stm32h7xx_ll_adc.h:8210:22:LL_ADC_DisableIT_AWD2	16	static
../../Drivers/STM32H7xx_HAL_Driver/Inc/stm32h7xx_ll_adc.h:8221:22:LL_ADC_DisableIT_AWD3	16	static
C:/Users/Nico/Documents/Embedded/DataAcquisition2.0/Project/DAQ_H7/Drivers/STM32H7xx_HAL_Driver/Src/stm32h7xx_hal_adc.c:407:19:HAL_ADC_Init	48	static
C:/Users/Nico/Documents/Embedded/DataAcquisition2.0/Project/DAQ_H7/Drivers/STM32H7xx_HAL_Driver/Src/stm32h7xx_hal_adc.c:842:19:HAL_ADC_DeInit	32	static
C:/Users/Nico/Documents/Embedded/DataAcquisition2.0/Project/DAQ_H7/Drivers/STM32H7xx_HAL_Driver/Src/stm32h7xx_hal_adc.c:1095:13:HAL_ADC_MspInit	16	static
C:/Users/Nico/Documents/Embedded/DataAcquisition2.0/Project/DAQ_H7/Drivers/STM32H7xx_HAL_Driver/Src/stm32h7xx_hal_adc.c:1112:13:HAL_ADC_MspDeInit	16	static
C:/Users/Nico/Documents/Embedded/DataAcquisition2.0/Project/DAQ_H7/Drivers/STM32H7xx_HAL_Driver/Src/stm32h7xx_hal_adc.c:1397:19:HAL_ADC_Start	32	static
C:/Users/Nico/Documents/Embedded/DataAcquisition2.0/Project/DAQ_H7/Drivers/STM32H7xx_HAL_Driver/Src/stm32h7xx_hal_adc.c:1518:19:HAL_ADC_Stop	24	static
C:/Users/Nico/Documents/Embedded/DataAcquisition2.0/Project/DAQ_H7/Drivers/STM32H7xx_HAL_Driver/Src/stm32h7xx_hal_adc.c:1572:19:HAL_ADC_PollForConversion	40	static
C:/Users/Nico/Documents/Embedded/DataAcquisition2.0/Project/DAQ_H7/Drivers/STM32H7xx_HAL_Driver/Src/stm32h7xx_hal_adc.c:1735:19:HAL_ADC_PollForEvent	32	static
C:/Users/Nico/Documents/Embedded/DataAcquisition2.0/Project/DAQ_H7/Drivers/STM32H7xx_HAL_Driver/Src/stm32h7xx_hal_adc.c:1884:19:HAL_ADC_Start_IT	32	static
C:/Users/Nico/Documents/Embedded/DataAcquisition2.0/Project/DAQ_H7/Drivers/STM32H7xx_HAL_Driver/Src/stm32h7xx_hal_adc.c:2059:19:HAL_ADC_Stop_IT	24	static
C:/Users/Nico/Documents/Embedded/DataAcquisition2.0/Project/DAQ_H7/Drivers/STM32H7xx_HAL_Driver/Src/stm32h7xx_hal_adc.c:2112:19:HAL_ADC_Start_DMA	32	static
C:/Users/Nico/Documents/Embedded/DataAcquisition2.0/Project/DAQ_H7/Drivers/STM32H7xx_HAL_Driver/Src/stm32h7xx_hal_adc.c:2259:19:HAL_ADC_Stop_DMA	24	static
C:/Users/Nico/Documents/Embedded/DataAcquisition2.0/Project/DAQ_H7/Drivers/STM32H7xx_HAL_Driver/Src/stm32h7xx_hal_adc.c:2344:10:HAL_ADC_GetValue	16	static
C:/Users/Nico/Documents/Embedded/DataAcquisition2.0/Project/DAQ_H7/Drivers/STM32H7xx_HAL_Driver/Src/stm32h7xx_hal_adc.c:2361:6:HAL_ADC_IRQHandler	48	static
C:/Users/Nico/Documents/Embedded/DataAcquisition2.0/Project/DAQ_H7/Drivers/STM32H7xx_HAL_Driver/Src/stm32h7xx_hal_adc.c:2721:13:HAL_ADC_ConvCpltCallback	16	static
C:/Users/Nico/Documents/Embedded/DataAcquisition2.0/Project/DAQ_H7/Drivers/STM32H7xx_HAL_Driver/Src/stm32h7xx_hal_adc.c:2736:13:HAL_ADC_ConvHalfCpltCallback	16	static
C:/Users/Nico/Documents/Embedded/DataAcquisition2.0/Project/DAQ_H7/Drivers/STM32H7xx_HAL_Driver/Src/stm32h7xx_hal_adc.c:2751:13:HAL_ADC_LevelOutOfWindowCallback	16	static
C:/Users/Nico/Documents/Embedded/DataAcquisition2.0/Project/DAQ_H7/Drivers/STM32H7xx_HAL_Driver/Src/stm32h7xx_hal_adc.c:2773:13:HAL_ADC_ErrorCallback	16	static
C:/Users/Nico/Documents/Embedded/DataAcquisition2.0/Project/DAQ_H7/Drivers/STM32H7xx_HAL_Driver/Src/stm32h7xx_hal_adc.c:2819:19:HAL_ADC_ConfigChannel	144	static,ignoring_inline_asm
C:/Users/Nico/Documents/Embedded/DataAcquisition2.0/Project/DAQ_H7/Drivers/STM32H7xx_HAL_Driver/Src/stm32h7xx_hal_adc.c:3135:19:HAL_ADC_AnalogWDGConfig	88	static,ignoring_inline_asm
C:/Users/Nico/Documents/Embedded/DataAcquisition2.0/Project/DAQ_H7/Drivers/STM32H7xx_HAL_Driver/Src/stm32h7xx_hal_adc.c:3497:10:HAL_ADC_GetState	16	static
C:/Users/Nico/Documents/Embedded/DataAcquisition2.0/Project/DAQ_H7/Drivers/STM32H7xx_HAL_Driver/Src/stm32h7xx_hal_adc.c:3511:10:HAL_ADC_GetError	16	static
C:/Users/Nico/Documents/Embedded/DataAcquisition2.0/Project/DAQ_H7/Drivers/STM32H7xx_HAL_Driver/Src/stm32h7xx_hal_adc.c:3541:19:ADC_ConversionStop	40	static
C:/Users/Nico/Documents/Embedded/DataAcquisition2.0/Project/DAQ_H7/Drivers/STM32H7xx_HAL_Driver/Src/stm32h7xx_hal_adc.c:3675:19:ADC_Enable	24	static
C:/Users/Nico/Documents/Embedded/DataAcquisition2.0/Project/DAQ_H7/Drivers/STM32H7xx_HAL_Driver/Src/stm32h7xx_hal_adc.c:3754:19:ADC_Disable	24	static
C:/Users/Nico/Documents/Embedded/DataAcquisition2.0/Project/DAQ_H7/Drivers/STM32H7xx_HAL_Driver/Src/stm32h7xx_hal_adc.c:3816:6:ADC_DMAConvCplt	24	static
C:/Users/Nico/Documents/Embedded/DataAcquisition2.0/Project/DAQ_H7/Drivers/STM32H7xx_HAL_Driver/Src/stm32h7xx_hal_adc.c:3894:6:ADC_DMAHalfConvCplt	24	static
C:/Users/Nico/Documents/Embedded/DataAcquisition2.0/Project/DAQ_H7/Drivers/STM32H7xx_HAL_Driver/Src/stm32h7xx_hal_adc.c:3912:6:ADC_DMAError	24	static
C:/Users/Nico/Documents/Embedded/DataAcquisition2.0/Project/DAQ_H7/Drivers/STM32H7xx_HAL_Driver/Src/stm32h7xx_hal_adc.c:3938:6:ADC_ConfigureBoostMode	24	static
