C:/Users/Nico/Documents/Embedded/DataAcquisition2.0/Project/DAQ_H7/Drivers/STM32H7xx_HAL_Driver/Src/stm32h7xx_hal_uart.c:307:19:HAL_UART_Init	16	static
C:/Users/Nico/Documents/Embedded/DataAcquisition2.0/Project/DAQ_H7/Drivers/STM32H7xx_HAL_Driver/Src/stm32h7xx_hal_uart.c:382:19:HAL_HalfDuplex_Init	16	static
C:/Users/Nico/Documents/Embedded/DataAcquisition2.0/Project/DAQ_H7/Drivers/STM32H7xx_HAL_Driver/Src/stm32h7xx_hal_uart.c:457:19:HAL_LIN_Init	16	static
C:/Users/Nico/Documents/Embedded/DataAcquisition2.0/Project/DAQ_H7/Drivers/STM32H7xx_HAL_Driver/Src/stm32h7xx_hal_uart.c:556:19:HAL_MultiProcessor_Init	24	static
C:/Users/Nico/Documents/Embedded/DataAcquisition2.0/Project/DAQ_H7/Drivers/STM32H7xx_HAL_Driver/Src/stm32h7xx_hal_uart.c:632:19:HAL_UART_DeInit	16	static
C:/Users/Nico/Documents/Embedded/DataAcquisition2.0/Project/DAQ_H7/Drivers/STM32H7xx_HAL_Driver/Src/stm32h7xx_hal_uart.c:679:13:HAL_UART_MspInit	16	static
C:/Users/Nico/Documents/Embedded/DataAcquisition2.0/Project/DAQ_H7/Drivers/STM32H7xx_HAL_Driver/Src/stm32h7xx_hal_uart.c:694:13:HAL_UART_MspDeInit	16	static
C:/Users/Nico/Documents/Embedded/DataAcquisition2.0/Project/DAQ_H7/Drivers/STM32H7xx_HAL_Driver/Src/stm32h7xx_hal_uart.c:1117:19:HAL_UART_Transmit	48	static
C:/Users/Nico/Documents/Embedded/DataAcquisition2.0/Project/DAQ_H7/Drivers/STM32H7xx_HAL_Driver/Src/stm32h7xx_hal_uart.c:1207:19:HAL_UART_Receive	48	static
C:/Users/Nico/Documents/Embedded/DataAcquisition2.0/Project/DAQ_H7/Drivers/STM32H7xx_HAL_Driver/Src/stm32h7xx_hal_uart.c:1291:19:HAL_UART_Transmit_IT	72	static,ignoring_inline_asm
C:/Users/Nico/Documents/Embedded/DataAcquisition2.0/Project/DAQ_H7/Drivers/STM32H7xx_HAL_Driver/Src/stm32h7xx_hal_uart.c:1359:19:HAL_UART_Receive_IT	48	static,ignoring_inline_asm
C:/Users/Nico/Documents/Embedded/DataAcquisition2.0/Project/DAQ_H7/Drivers/STM32H7xx_HAL_Driver/Src/stm32h7xx_hal_uart.c:1400:19:HAL_UART_Transmit_DMA	48	static,ignoring_inline_asm
C:/Users/Nico/Documents/Embedded/DataAcquisition2.0/Project/DAQ_H7/Drivers/STM32H7xx_HAL_Driver/Src/stm32h7xx_hal_uart.c:1470:19:HAL_UART_Receive_DMA	48	static,ignoring_inline_asm
C:/Users/Nico/Documents/Embedded/DataAcquisition2.0/Project/DAQ_H7/Drivers/STM32H7xx_HAL_Driver/Src/stm32h7xx_hal_uart.c:1506:19:HAL_UART_DMAPause	120	static,ignoring_inline_asm
C:/Users/Nico/Documents/Embedded/DataAcquisition2.0/Project/DAQ_H7/Drivers/STM32H7xx_HAL_Driver/Src/stm32h7xx_hal_uart.c:1536:19:HAL_UART_DMAResume	112	static,ignoring_inline_asm
C:/Users/Nico/Documents/Embedded/DataAcquisition2.0/Project/DAQ_H7/Drivers/STM32H7xx_HAL_Driver/Src/stm32h7xx_hal_uart.c:1567:19:HAL_UART_DMAStop	72	static,ignoring_inline_asm
C:/Users/Nico/Documents/Embedded/DataAcquisition2.0/Project/DAQ_H7/Drivers/STM32H7xx_HAL_Driver/Src/stm32h7xx_hal_uart.c:1642:19:HAL_UART_Abort	136	static,ignoring_inline_asm
C:/Users/Nico/Documents/Embedded/DataAcquisition2.0/Project/DAQ_H7/Drivers/STM32H7xx_HAL_Driver/Src/stm32h7xx_hal_uart.c:1745:19:HAL_UART_AbortTransmit	88	static,ignoring_inline_asm
C:/Users/Nico/Documents/Embedded/DataAcquisition2.0/Project/DAQ_H7/Drivers/STM32H7xx_HAL_Driver/Src/stm32h7xx_hal_uart.c:1804:19:HAL_UART_AbortReceive	112	static,ignoring_inline_asm
C:/Users/Nico/Documents/Embedded/DataAcquisition2.0/Project/DAQ_H7/Drivers/STM32H7xx_HAL_Driver/Src/stm32h7xx_hal_uart.c:1872:19:HAL_UART_Abort_IT	144	static,ignoring_inline_asm
C:/Users/Nico/Documents/Embedded/DataAcquisition2.0/Project/DAQ_H7/Drivers/STM32H7xx_HAL_Driver/Src/stm32h7xx_hal_uart.c:2025:19:HAL_UART_AbortTransmit_IT	88	static,ignoring_inline_asm
C:/Users/Nico/Documents/Embedded/DataAcquisition2.0/Project/DAQ_H7/Drivers/STM32H7xx_HAL_Driver/Src/stm32h7xx_hal_uart.c:2116:19:HAL_UART_AbortReceive_IT	112	static,ignoring_inline_asm
C:/Users/Nico/Documents/Embedded/DataAcquisition2.0/Project/DAQ_H7/Drivers/STM32H7xx_HAL_Driver/Src/stm32h7xx_hal_uart.c:2209:6:HAL_UART_IRQHandler	240	static,ignoring_inline_asm
C:/Users/Nico/Documents/Embedded/DataAcquisition2.0/Project/DAQ_H7/Drivers/STM32H7xx_HAL_Driver/Src/stm32h7xx_hal_uart.c:2539:13:HAL_UART_TxCpltCallback	16	static
C:/Users/Nico/Documents/Embedded/DataAcquisition2.0/Project/DAQ_H7/Drivers/STM32H7xx_HAL_Driver/Src/stm32h7xx_hal_uart.c:2554:13:HAL_UART_TxHalfCpltCallback	16	static
C:/Users/Nico/Documents/Embedded/DataAcquisition2.0/Project/DAQ_H7/Drivers/STM32H7xx_HAL_Driver/Src/stm32h7xx_hal_uart.c:2569:13:HAL_UART_RxCpltCallback	16	static
C:/Users/Nico/Documents/Embedded/DataAcquisition2.0/Project/DAQ_H7/Drivers/STM32H7xx_HAL_Driver/Src/stm32h7xx_hal_uart.c:2584:13:HAL_UART_RxHalfCpltCallback	16	static
C:/Users/Nico/Documents/Embedded/DataAcquisition2.0/Project/DAQ_H7/Drivers/STM32H7xx_HAL_Driver/Src/stm32h7xx_hal_uart.c:2599:13:HAL_UART_ErrorCallback	16	static
C:/Users/Nico/Documents/Embedded/DataAcquisition2.0/Project/DAQ_H7/Drivers/STM32H7xx_HAL_Driver/Src/stm32h7xx_hal_uart.c:2614:13:HAL_UART_AbortCpltCallback	16	static
C:/Users/Nico/Documents/Embedded/DataAcquisition2.0/Project/DAQ_H7/Drivers/STM32H7xx_HAL_Driver/Src/stm32h7xx_hal_uart.c:2629:13:HAL_UART_AbortTransmitCpltCallback	16	static
C:/Users/Nico/Documents/Embedded/DataAcquisition2.0/Project/DAQ_H7/Drivers/STM32H7xx_HAL_Driver/Src/stm32h7xx_hal_uart.c:2644:13:HAL_UART_AbortReceiveCpltCallback	16	static
C:/Users/Nico/Documents/Embedded/DataAcquisition2.0/Project/DAQ_H7/Drivers/STM32H7xx_HAL_Driver/Src/stm32h7xx_hal_uart.c:2661:13:HAL_UARTEx_RxEventCallback	16	static
C:/Users/Nico/Documents/Embedded/DataAcquisition2.0/Project/DAQ_H7/Drivers/STM32H7xx_HAL_Driver/Src/stm32h7xx_hal_uart.c:2709:6:HAL_UART_ReceiverTimeout_Config	16	static
C:/Users/Nico/Documents/Embedded/DataAcquisition2.0/Project/DAQ_H7/Drivers/STM32H7xx_HAL_Driver/Src/stm32h7xx_hal_uart.c:2724:19:HAL_UART_EnableReceiverTimeout	16	static
C:/Users/Nico/Documents/Embedded/DataAcquisition2.0/Project/DAQ_H7/Drivers/STM32H7xx_HAL_Driver/Src/stm32h7xx_hal_uart.c:2762:19:HAL_UART_DisableReceiverTimeout	16	static
C:/Users/Nico/Documents/Embedded/DataAcquisition2.0/Project/DAQ_H7/Drivers/STM32H7xx_HAL_Driver/Src/stm32h7xx_hal_uart.c:2800:19:HAL_MultiProcessor_EnableMuteMode	40	static,ignoring_inline_asm
C:/Users/Nico/Documents/Embedded/DataAcquisition2.0/Project/DAQ_H7/Drivers/STM32H7xx_HAL_Driver/Src/stm32h7xx_hal_uart.c:2820:19:HAL_MultiProcessor_DisableMuteMode	40	static,ignoring_inline_asm
C:/Users/Nico/Documents/Embedded/DataAcquisition2.0/Project/DAQ_H7/Drivers/STM32H7xx_HAL_Driver/Src/stm32h7xx_hal_uart.c:2840:6:HAL_MultiProcessor_EnterMuteMode	16	static
C:/Users/Nico/Documents/Embedded/DataAcquisition2.0/Project/DAQ_H7/Drivers/STM32H7xx_HAL_Driver/Src/stm32h7xx_hal_uart.c:2850:19:HAL_HalfDuplex_EnableTransmitter	64	static,ignoring_inline_asm
C:/Users/Nico/Documents/Embedded/DataAcquisition2.0/Project/DAQ_H7/Drivers/STM32H7xx_HAL_Driver/Src/stm32h7xx_hal_uart.c:2873:19:HAL_HalfDuplex_EnableReceiver	64	static,ignoring_inline_asm
C:/Users/Nico/Documents/Embedded/DataAcquisition2.0/Project/DAQ_H7/Drivers/STM32H7xx_HAL_Driver/Src/stm32h7xx_hal_uart.c:2897:19:HAL_LIN_SendBreak	16	static
C:/Users/Nico/Documents/Embedded/DataAcquisition2.0/Project/DAQ_H7/Drivers/STM32H7xx_HAL_Driver/Src/stm32h7xx_hal_uart.c:2942:23:HAL_UART_GetState	24	static
C:/Users/Nico/Documents/Embedded/DataAcquisition2.0/Project/DAQ_H7/Drivers/STM32H7xx_HAL_Driver/Src/stm32h7xx_hal_uart.c:2958:10:HAL_UART_GetError	16	static
C:/Users/Nico/Documents/Embedded/DataAcquisition2.0/Project/DAQ_H7/Drivers/STM32H7xx_HAL_Driver/Src/stm32h7xx_hal_uart.c:3004:19:UART_SetConfig	104	static
C:/Users/Nico/Documents/Embedded/DataAcquisition2.0/Project/DAQ_H7/Drivers/STM32H7xx_HAL_Driver/Src/stm32h7xx_hal_uart.c:3268:6:UART_AdvFeatureConfig	16	static
C:/Users/Nico/Documents/Embedded/DataAcquisition2.0/Project/DAQ_H7/Drivers/STM32H7xx_HAL_Driver/Src/stm32h7xx_hal_uart.c:3342:19:UART_CheckIdleState	104	static,ignoring_inline_asm
C:/Users/Nico/Documents/Embedded/DataAcquisition2.0/Project/DAQ_H7/Drivers/STM32H7xx_HAL_Driver/Src/stm32h7xx_hal_uart.c:3411:19:UART_WaitOnFlagUntilTimeout	24	static
C:/Users/Nico/Documents/Embedded/DataAcquisition2.0/Project/DAQ_H7/Drivers/STM32H7xx_HAL_Driver/Src/stm32h7xx_hal_uart.c:3479:19:UART_Start_Receive_IT	144	static,ignoring_inline_asm
C:/Users/Nico/Documents/Embedded/DataAcquisition2.0/Project/DAQ_H7/Drivers/STM32H7xx_HAL_Driver/Src/stm32h7xx_hal_uart.c:3551:19:UART_Start_Receive_DMA	96	static,ignoring_inline_asm
C:/Users/Nico/Documents/Embedded/DataAcquisition2.0/Project/DAQ_H7/Drivers/STM32H7xx_HAL_Driver/Src/stm32h7xx_hal_uart.c:3608:13:UART_EndTxTransfer	64	static,ignoring_inline_asm
C:/Users/Nico/Documents/Embedded/DataAcquisition2.0/Project/DAQ_H7/Drivers/STM32H7xx_HAL_Driver/Src/stm32h7xx_hal_uart.c:3624:13:UART_EndRxTransfer	88	static,ignoring_inline_asm
C:/Users/Nico/Documents/Embedded/DataAcquisition2.0/Project/DAQ_H7/Drivers/STM32H7xx_HAL_Driver/Src/stm32h7xx_hal_uart.c:3650:13:UART_DMATransmitCplt	72	static,ignoring_inline_asm
C:/Users/Nico/Documents/Embedded/DataAcquisition2.0/Project/DAQ_H7/Drivers/STM32H7xx_HAL_Driver/Src/stm32h7xx_hal_uart.c:3684:13:UART_DMATxHalfCplt	24	static
C:/Users/Nico/Documents/Embedded/DataAcquisition2.0/Project/DAQ_H7/Drivers/STM32H7xx_HAL_Driver/Src/stm32h7xx_hal_uart.c:3702:13:UART_DMAReceiveCplt	120	static,ignoring_inline_asm
C:/Users/Nico/Documents/Embedded/DataAcquisition2.0/Project/DAQ_H7/Drivers/STM32H7xx_HAL_Driver/Src/stm32h7xx_hal_uart.c:3763:13:UART_DMARxHalfCplt	24	static
C:/Users/Nico/Documents/Embedded/DataAcquisition2.0/Project/DAQ_H7/Drivers/STM32H7xx_HAL_Driver/Src/stm32h7xx_hal_uart.c:3801:13:UART_DMAError	32	static
C:/Users/Nico/Documents/Embedded/DataAcquisition2.0/Project/DAQ_H7/Drivers/STM32H7xx_HAL_Driver/Src/stm32h7xx_hal_uart.c:3841:13:UART_DMAAbortOnError	24	static
C:/Users/Nico/Documents/Embedded/DataAcquisition2.0/Project/DAQ_H7/Drivers/STM32H7xx_HAL_Driver/Src/stm32h7xx_hal_uart.c:3864:13:UART_DMATxAbortCallback	24	static
C:/Users/Nico/Documents/Embedded/DataAcquisition2.0/Project/DAQ_H7/Drivers/STM32H7xx_HAL_Driver/Src/stm32h7xx_hal_uart.c:3919:13:UART_DMARxAbortCallback	24	static
C:/Users/Nico/Documents/Embedded/DataAcquisition2.0/Project/DAQ_H7/Drivers/STM32H7xx_HAL_Driver/Src/stm32h7xx_hal_uart.c:3971:13:UART_DMATxOnlyAbortCallback	24	static
C:/Users/Nico/Documents/Embedded/DataAcquisition2.0/Project/DAQ_H7/Drivers/STM32H7xx_HAL_Driver/Src/stm32h7xx_hal_uart.c:4004:13:UART_DMARxOnlyAbortCallback	24	static
C:/Users/Nico/Documents/Embedded/DataAcquisition2.0/Project/DAQ_H7/Drivers/STM32H7xx_HAL_Driver/Src/stm32h7xx_hal_uart.c:4037:13:UART_TxISR_8BIT	64	static,ignoring_inline_asm
C:/Users/Nico/Documents/Embedded/DataAcquisition2.0/Project/DAQ_H7/Drivers/STM32H7xx_HAL_Driver/Src/stm32h7xx_hal_uart.c:4066:13:UART_TxISR_16BIT	72	static,ignoring_inline_asm
C:/Users/Nico/Documents/Embedded/DataAcquisition2.0/Project/DAQ_H7/Drivers/STM32H7xx_HAL_Driver/Src/stm32h7xx_hal_uart.c:4098:13:UART_TxISR_8BIT_FIFOEN	72	static,ignoring_inline_asm
C:/Users/Nico/Documents/Embedded/DataAcquisition2.0/Project/DAQ_H7/Drivers/STM32H7xx_HAL_Driver/Src/stm32h7xx_hal_uart.c:4138:13:UART_TxISR_16BIT_FIFOEN	72	static,ignoring_inline_asm
C:/Users/Nico/Documents/Embedded/DataAcquisition2.0/Project/DAQ_H7/Drivers/STM32H7xx_HAL_Driver/Src/stm32h7xx_hal_uart.c:4179:13:UART_EndTransmit_IT	40	static,ignoring_inline_asm
C:/Users/Nico/Documents/Embedded/DataAcquisition2.0/Project/DAQ_H7/Drivers/STM32H7xx_HAL_Driver/Src/stm32h7xx_hal_uart.c:4204:13:UART_RxISR_8BIT	120	static,ignoring_inline_asm
C:/Users/Nico/Documents/Embedded/DataAcquisition2.0/Project/DAQ_H7/Drivers/STM32H7xx_HAL_Driver/Src/stm32h7xx_hal_uart.c:4295:13:UART_RxISR_16BIT	120	static,ignoring_inline_asm
C:/Users/Nico/Documents/Embedded/DataAcquisition2.0/Project/DAQ_H7/Drivers/STM32H7xx_HAL_Driver/Src/stm32h7xx_hal_uart.c:4388:13:UART_RxISR_8BIT_FIFOEN	184	static,ignoring_inline_asm
C:/Users/Nico/Documents/Embedded/DataAcquisition2.0/Project/DAQ_H7/Drivers/STM32H7xx_HAL_Driver/Src/stm32h7xx_hal_uart.c:4550:13:UART_RxISR_16BIT_FIFOEN	192	static,ignoring_inline_asm
