../Drivers/STM32F4xx_HAL_Driver/Src/stm32f4xx_hal_uart.c:3335:13:UART_EndRxTransfer	0	static,ignoring_inline_asm
../Drivers/STM32F4xx_HAL_Driver/Src/stm32f4xx_hal_uart.c:3695:13:UART_SetConfig	16	static
../Drivers/STM32F4xx_HAL_Driver/Src/stm32f4xx_hal_uart.c:3185:26:UART_WaitOnFlagUntilTimeout.constprop	32	static
../Drivers/STM32F4xx_HAL_Driver/Src/stm32f4xx_hal_uart.c:715:13:HAL_UART_MspInit	0	static
../Drivers/STM32F4xx_HAL_Driver/Src/stm32f4xx_hal_uart.c:357:19:HAL_UART_Init	8	static
../Drivers/STM32F4xx_HAL_Driver/Src/stm32f4xx_hal_uart.c:435:19:HAL_HalfDuplex_Init	8	static
../Drivers/STM32F4xx_HAL_Driver/Src/stm32f4xx_hal_uart.c:509:19:HAL_LIN_Init	16	static
../Drivers/STM32F4xx_HAL_Driver/Src/stm32f4xx_hal_uart.c:591:19:HAL_MultiProcessor_Init	16	static
../Drivers/STM32F4xx_HAL_Driver/Src/stm32f4xx_hal_uart.c:730:13:HAL_UART_MspDeInit	0	static
../Drivers/STM32F4xx_HAL_Driver/Src/stm32f4xx_hal_uart.c:669:19:HAL_UART_DeInit	8	static
../Drivers/STM32F4xx_HAL_Driver/Src/stm32f4xx_hal_uart.c:1135:19:HAL_UART_Transmit	32	static
../Drivers/STM32F4xx_HAL_Driver/Src/stm32f4xx_hal_uart.c:1221:19:HAL_UART_Receive	32	static
../Drivers/STM32F4xx_HAL_Driver/Src/stm32f4xx_hal_uart.c:1308:19:HAL_UART_Transmit_IT	0	static
../Drivers/STM32F4xx_HAL_Driver/Src/stm32f4xx_hal_uart.c:1379:19:HAL_UART_Transmit_DMA	16	static,ignoring_inline_asm
../Drivers/STM32F4xx_HAL_Driver/Src/stm32f4xx_hal_uart.c:1468:19:HAL_UART_DMAPause	0	static,ignoring_inline_asm
../Drivers/STM32F4xx_HAL_Driver/Src/stm32f4xx_hal_uart.c:1499:19:HAL_UART_DMAResume	8	static,ignoring_inline_asm
../Drivers/STM32F4xx_HAL_Driver/Src/stm32f4xx_hal_uart.c:1533:19:HAL_UART_DMAStop	8	static,ignoring_inline_asm
../Drivers/STM32F4xx_HAL_Driver/Src/stm32f4xx_hal_uart.c:1588:19:HAL_UARTEx_ReceiveToIdle	40	static
../Drivers/STM32F4xx_HAL_Driver/Src/stm32f4xx_hal_uart.c:1841:29:HAL_UARTEx_GetRxEventType	0	static
../Drivers/STM32F4xx_HAL_Driver/Src/stm32f4xx_hal_uart.c:1859:19:HAL_UART_Abort	8	static,ignoring_inline_asm
../Drivers/STM32F4xx_HAL_Driver/Src/stm32f4xx_hal_uart.c:1948:19:HAL_UART_AbortTransmit	8	static,ignoring_inline_asm
../Drivers/STM32F4xx_HAL_Driver/Src/stm32f4xx_hal_uart.c:1999:19:HAL_UART_AbortReceive	8	static,ignoring_inline_asm
../Drivers/STM32F4xx_HAL_Driver/Src/stm32f4xx_hal_uart.c:2592:13:HAL_UART_TxCpltCallback	0	static
../Drivers/STM32F4xx_HAL_Driver/Src/stm32f4xx_hal_uart.c:2988:13:UART_DMATransmitCplt	8	static,ignoring_inline_asm
../Drivers/STM32F4xx_HAL_Driver/Src/stm32f4xx_hal_uart.c:2607:13:HAL_UART_TxHalfCpltCallback	0	static
../Drivers/STM32F4xx_HAL_Driver/Src/stm32f4xx_hal_uart.c:3023:13:UART_DMATxHalfCplt	8	static
../Drivers/STM32F4xx_HAL_Driver/Src/stm32f4xx_hal_uart.c:2622:13:HAL_UART_RxCpltCallback	0	static
../Drivers/STM32F4xx_HAL_Driver/Src/stm32f4xx_hal_uart.c:2637:13:HAL_UART_RxHalfCpltCallback	0	static
../Drivers/STM32F4xx_HAL_Driver/Src/stm32f4xx_hal_uart.c:2652:13:HAL_UART_ErrorCallback	0	static
../Drivers/STM32F4xx_HAL_Driver/Src/stm32f4xx_hal_uart.c:3143:13:UART_DMAError	8	static,ignoring_inline_asm
../Drivers/STM32F4xx_HAL_Driver/Src/stm32f4xx_hal_uart.c:3359:13:UART_DMAAbortOnError	8	static
../Drivers/STM32F4xx_HAL_Driver/Src/stm32f4xx_hal_uart.c:2666:13:HAL_UART_AbortCpltCallback	0	static
../Drivers/STM32F4xx_HAL_Driver/Src/stm32f4xx_hal_uart.c:2060:19:HAL_UART_Abort_IT	16	static,ignoring_inline_asm
../Drivers/STM32F4xx_HAL_Driver/Src/stm32f4xx_hal_uart.c:3429:13:UART_DMARxAbortCallback	8	static
../Drivers/STM32F4xx_HAL_Driver/Src/stm32f4xx_hal_uart.c:3383:13:UART_DMATxAbortCallback	8	static
../Drivers/STM32F4xx_HAL_Driver/Src/stm32f4xx_hal_uart.c:2681:13:HAL_UART_AbortTransmitCpltCallback	0	static
../Drivers/STM32F4xx_HAL_Driver/Src/stm32f4xx_hal_uart.c:2195:19:HAL_UART_AbortTransmit_IT	8	static,ignoring_inline_asm
../Drivers/STM32F4xx_HAL_Driver/Src/stm32f4xx_hal_uart.c:3475:13:UART_DMATxOnlyAbortCallback	8	static
../Drivers/STM32F4xx_HAL_Driver/Src/stm32f4xx_hal_uart.c:2696:13:HAL_UART_AbortReceiveCpltCallback	0	static
../Drivers/STM32F4xx_HAL_Driver/Src/stm32f4xx_hal_uart.c:2272:19:HAL_UART_AbortReceive_IT	8	static,ignoring_inline_asm
../Drivers/STM32F4xx_HAL_Driver/Src/stm32f4xx_hal_uart.c:3503:13:UART_DMARxOnlyAbortCallback	8	static
../Drivers/STM32F4xx_HAL_Driver/Src/stm32f4xx_hal_uart.c:2713:13:HAL_UARTEx_RxEventCallback	0	static
../Drivers/STM32F4xx_HAL_Driver/Src/stm32f4xx_hal_uart.c:3104:13:UART_DMARxHalfCplt	8	static
../Drivers/STM32F4xx_HAL_Driver/Src/stm32f4xx_hal_uart.c:3042:13:UART_DMAReceiveCplt	8	static,ignoring_inline_asm
../Drivers/STM32F4xx_HAL_Driver/Src/stm32f4xx_hal_uart.c:3594:26:UART_Receive_IT.isra	16	static,ignoring_inline_asm
../Drivers/STM32F4xx_HAL_Driver/Src/stm32f4xx_hal_uart.c:2350:6:HAL_UART_IRQHandler	24	static,ignoring_inline_asm
../Drivers/STM32F4xx_HAL_Driver/Src/stm32f4xx_hal_uart.c:2753:19:HAL_LIN_SendBreak	0	static,ignoring_inline_asm
../Drivers/STM32F4xx_HAL_Driver/Src/stm32f4xx_hal_uart.c:2780:19:HAL_MultiProcessor_EnterMuteMode	0	static,ignoring_inline_asm
../Drivers/STM32F4xx_HAL_Driver/Src/stm32f4xx_hal_uart.c:2808:19:HAL_MultiProcessor_ExitMuteMode	0	static,ignoring_inline_asm
../Drivers/STM32F4xx_HAL_Driver/Src/stm32f4xx_hal_uart.c:2836:19:HAL_HalfDuplex_EnableTransmitter	0	static
../Drivers/STM32F4xx_HAL_Driver/Src/stm32f4xx_hal_uart.c:2871:19:HAL_HalfDuplex_EnableReceiver	0	static
../Drivers/STM32F4xx_HAL_Driver/Src/stm32f4xx_hal_uart.c:2928:23:HAL_UART_GetState	0	static
../Drivers/STM32F4xx_HAL_Driver/Src/stm32f4xx_hal_uart.c:2943:10:HAL_UART_GetError	0	static
../Drivers/STM32F4xx_HAL_Driver/Src/stm32f4xx_hal_uart.c:3236:19:UART_Start_Receive_IT	0	static
../Drivers/STM32F4xx_HAL_Driver/Src/stm32f4xx_hal_uart.c:1347:19:HAL_UART_Receive_IT	12	static
../Drivers/STM32F4xx_HAL_Driver/Src/stm32f4xx_hal_uart.c:1713:19:HAL_UARTEx_ReceiveToIdle_IT	24	static,ignoring_inline_asm
../Drivers/STM32F4xx_HAL_Driver/Src/stm32f4xx_hal_uart.c:3271:19:UART_Start_Receive_DMA	24	static,ignoring_inline_asm
../Drivers/STM32F4xx_HAL_Driver/Src/stm32f4xx_hal_uart.c:1441:19:HAL_UART_Receive_DMA	12	static
../Drivers/STM32F4xx_HAL_Driver/Src/stm32f4xx_hal_uart.c:1773:19:HAL_UARTEx_ReceiveToIdle_DMA	24	static,ignoring_inline_asm
