../Drivers/STM32F4xx_HAL_Driver/Src/stm32f4xx_hal_eth.c:1326:13:HAL_ETH_RxLinkCallback	0	static
../Drivers/STM32F4xx_HAL_Driver/Src/stm32f4xx_hal_eth.c:3038:17:ETH_Prepare_Tx_Descriptors	28	static,ignoring_inline_asm
../Drivers/STM32F4xx_HAL_Driver/Src/stm32f4xx_hal_eth.c:2735:13:ETH_SetMACConfig	16	static
../Drivers/STM32F4xx_HAL_Driver/Src/stm32f4xx_hal_eth.c:2792:13:ETH_SetDMAConfig	16	static
../Drivers/STM32F4xx_HAL_Driver/Src/stm32f4xx_hal_eth.c:2721:13:ETH_FlushTransmitFIFO	16	static
../Drivers/STM32F4xx_HAL_Driver/Src/stm32f4xx_hal_eth.c:1309:13:HAL_ETH_RxAllocateCallback	0	static
../Drivers/STM32F4xx_HAL_Driver/Src/stm32f4xx_hal_eth.c:1194:13:ETH_UpdateDescriptor	40	static,ignoring_inline_asm
../Drivers/STM32F4xx_HAL_Driver/Src/stm32f4xx_hal_eth.c:1428:13:HAL_ETH_TxFreeCallback	0	static
../Drivers/STM32F4xx_HAL_Driver/Src/stm32f4xx_hal_eth.c:454:13:HAL_ETH_MspInit	0	static
../Drivers/STM32F4xx_HAL_Driver/Src/stm32f4xx_hal_eth.c:335:19:HAL_ETH_Init	176	static
../Drivers/STM32F4xx_HAL_Driver/Src/stm32f4xx_hal_eth.c:469:13:HAL_ETH_MspDeInit	0	static
../Drivers/STM32F4xx_HAL_Driver/Src/stm32f4xx_hal_eth.c:421:19:HAL_ETH_DeInit	8	static
../Drivers/STM32F4xx_HAL_Driver/Src/stm32f4xx_hal_eth.c:696:19:HAL_ETH_Start	16	static
../Drivers/STM32F4xx_HAL_Driver/Src/stm32f4xx_hal_eth.c:753:19:HAL_ETH_Start_IT	24	static
../Drivers/STM32F4xx_HAL_Driver/Src/stm32f4xx_hal_eth.c:830:19:HAL_ETH_Stop	16	static
../Drivers/STM32F4xx_HAL_Driver/Src/stm32f4xx_hal_eth.c:883:19:HAL_ETH_Stop_IT	16	static
../Drivers/STM32F4xx_HAL_Driver/Src/stm32f4xx_hal_eth.c:953:19:HAL_ETH_Transmit	24	static,ignoring_inline_asm
../Drivers/STM32F4xx_HAL_Driver/Src/stm32f4xx_hal_eth.c:1028:19:HAL_ETH_Transmit_IT	8	static,ignoring_inline_asm
../Drivers/STM32F4xx_HAL_Driver/Src/stm32f4xx_hal_eth.c:1080:19:HAL_ETH_ReadData	56	static
../Drivers/STM32F4xx_HAL_Driver/Src/stm32f4xx_hal_eth.c:1275:19:HAL_ETH_RegisterRxAllocateCallback	0	static
../Drivers/STM32F4xx_HAL_Driver/Src/stm32f4xx_hal_eth.c:1296:19:HAL_ETH_UnRegisterRxAllocateCallback	0	static
../Drivers/STM32F4xx_HAL_Driver/Src/stm32f4xx_hal_eth.c:1345:19:HAL_ETH_RegisterRxLinkCallback	0	static
../Drivers/STM32F4xx_HAL_Driver/Src/stm32f4xx_hal_eth.c:1365:19:HAL_ETH_UnRegisterRxLinkCallback	0	static
../Drivers/STM32F4xx_HAL_Driver/Src/stm32f4xx_hal_eth.c:1380:19:HAL_ETH_GetRxDataErrorCode	0	static
../Drivers/STM32F4xx_HAL_Driver/Src/stm32f4xx_hal_eth.c:1395:19:HAL_ETH_RegisterTxFreeCallback	0	static
../Drivers/STM32F4xx_HAL_Driver/Src/stm32f4xx_hal_eth.c:1415:19:HAL_ETH_UnRegisterTxFreeCallback	0	static
../Drivers/STM32F4xx_HAL_Driver/Src/stm32f4xx_hal_eth.c:1443:19:HAL_ETH_ReleaseTxPacket	32	static
../Drivers/STM32F4xx_HAL_Driver/Src/stm32f4xx_hal_eth.c:1987:13:HAL_ETH_TxCpltCallback	0	static
../Drivers/STM32F4xx_HAL_Driver/Src/stm32f4xx_hal_eth.c:2002:13:HAL_ETH_RxCpltCallback	0	static
../Drivers/STM32F4xx_HAL_Driver/Src/stm32f4xx_hal_eth.c:2017:13:HAL_ETH_ErrorCallback	0	static
../Drivers/STM32F4xx_HAL_Driver/Src/stm32f4xx_hal_eth.c:2032:13:HAL_ETH_PMTCallback	0	static
../Drivers/STM32F4xx_HAL_Driver/Src/stm32f4xx_hal_eth.c:2048:13:HAL_ETH_WakeUpCallback	0	static
../Drivers/STM32F4xx_HAL_Driver/Src/stm32f4xx_hal_eth.c:1870:6:HAL_ETH_IRQHandler	8	static
../Drivers/STM32F4xx_HAL_Driver/Src/stm32f4xx_hal_eth.c:2066:19:HAL_ETH_ReadPHYRegister	24	static
../Drivers/STM32F4xx_HAL_Driver/Src/stm32f4xx_hal_eth.c:2118:19:HAL_ETH_WritePHYRegister	16	static
../Drivers/STM32F4xx_HAL_Driver/Src/stm32f4xx_hal_eth.c:2186:19:HAL_ETH_GetMACConfig	0	static
../Drivers/STM32F4xx_HAL_Driver/Src/stm32f4xx_hal_eth.c:2229:19:HAL_ETH_GetDMAConfig	0	static
../Drivers/STM32F4xx_HAL_Driver/Src/stm32f4xx_hal_eth.c:2268:19:HAL_ETH_SetMACConfig	8	static
../Drivers/STM32F4xx_HAL_Driver/Src/stm32f4xx_hal_eth.c:2295:19:HAL_ETH_SetDMAConfig	8	static
../Drivers/STM32F4xx_HAL_Driver/Src/stm32f4xx_hal_eth.c:2320:6:HAL_ETH_SetMDIOClockRange	16	static
../Drivers/STM32F4xx_HAL_Driver/Src/stm32f4xx_hal_eth.c:2372:19:HAL_ETH_SetMACFilterConfig	16	static
../Drivers/STM32F4xx_HAL_Driver/Src/stm32f4xx_hal_eth.c:2413:19:HAL_ETH_GetMACFilterConfig	0	static
../Drivers/STM32F4xx_HAL_Driver/Src/stm32f4xx_hal_eth.c:2450:19:HAL_ETH_SetSourceMACAddrMatch	8	static
../Drivers/STM32F4xx_HAL_Driver/Src/stm32f4xx_hal_eth.c:2486:19:HAL_ETH_SetHashTable	16	static
../Drivers/STM32F4xx_HAL_Driver/Src/stm32f4xx_hal_eth.c:2522:6:HAL_ETH_SetRxVLANIdentifier	16	static
../Drivers/STM32F4xx_HAL_Driver/Src/stm32f4xx_hal_eth.c:2550:6:HAL_ETH_EnterPowerDownMode	8	static
../Drivers/STM32F4xx_HAL_Driver/Src/stm32f4xx_hal_eth.c:2568:6:HAL_ETH_ExitPowerDownMode	16	static
../Drivers/STM32F4xx_HAL_Driver/Src/stm32f4xx_hal_eth.c:2605:19:HAL_ETH_SetWakeUpFilter	0	static
../Drivers/STM32F4xx_HAL_Driver/Src/stm32f4xx_hal_eth.c:2654:22:HAL_ETH_GetState	0	static
../Drivers/STM32F4xx_HAL_Driver/Src/stm32f4xx_hal_eth.c:2665:10:HAL_ETH_GetError	0	static
../Drivers/STM32F4xx_HAL_Driver/Src/stm32f4xx_hal_eth.c:2676:10:HAL_ETH_GetDMAError	0	static
../Drivers/STM32F4xx_HAL_Driver/Src/stm32f4xx_hal_eth.c:2687:10:HAL_ETH_GetMACError	0	static
../Drivers/STM32F4xx_HAL_Driver/Src/stm32f4xx_hal_eth.c:2698:10:HAL_ETH_GetMACWakeUpSource	0	static
