../Drivers/STM32F4xx_HAL_Driver/Src/stm32f4xx_hal_i2c.c:7492:26:I2C_IsAcknowledgeFailed	0	static
../Drivers/STM32F4xx_HAL_Driver/Src/stm32f4xx_hal_i2c.c:7207:26:I2C_WaitOnFlagUntilTimeout	32	static
../Drivers/STM32F4xx_HAL_Driver/Src/stm32f4xx_hal_i2c.c:7244:26:I2C_WaitOnMasterAddressFlagUntilTimeout	24	static
../Drivers/STM32F4xx_HAL_Driver/Src/stm32f4xx_hal_i2c.c:7298:26:I2C_WaitOnTXEFlagUntilTimeout	16	static
../Drivers/STM32F4xx_HAL_Driver/Src/stm32f4xx_hal_i2c.c:6730:26:I2C_RequestMemoryWrite	48	static
../Drivers/STM32F4xx_HAL_Driver/Src/stm32f4xx_hal_i2c.c:6810:26:I2C_RequestMemoryRead	48	static
../Drivers/STM32F4xx_HAL_Driver/Src/stm32f4xx_hal_i2c.c:7339:26:I2C_WaitOnBTFFlagUntilTimeout	16	static
../Drivers/STM32F4xx_HAL_Driver/Src/stm32f4xx_hal_i2c.c:7444:26:I2C_WaitOnRXNEFlagUntilTimeout	16	static
../Drivers/STM32F4xx_HAL_Driver/Src/stm32f4xx_hal_i2c.c:606:13:HAL_I2C_MspInit	0	static
../Drivers/STM32F4xx_HAL_Driver/Src/stm32f4xx_hal_i2c.c:445:19:HAL_I2C_Init	16	static
../Drivers/STM32F4xx_HAL_Driver/Src/stm32f4xx_hal_i2c.c:622:13:HAL_I2C_MspDeInit	0	static
../Drivers/STM32F4xx_HAL_Driver/Src/stm32f4xx_hal_i2c.c:560:19:HAL_I2C_DeInit	8	static
../Drivers/STM32F4xx_HAL_Driver/Src/stm32f4xx_hal_i2c.c:1056:19:HAL_I2C_Master_Transmit	48	static
../Drivers/STM32F4xx_HAL_Driver/Src/stm32f4xx_hal_i2c.c:1177:19:HAL_I2C_Master_Receive	64	static
../Drivers/STM32F4xx_HAL_Driver/Src/stm32f4xx_hal_i2c.c:1428:19:HAL_I2C_Slave_Transmit	48	static
../Drivers/STM32F4xx_HAL_Driver/Src/stm32f4xx_hal_i2c.c:1558:19:HAL_I2C_Slave_Receive	48	static
../Drivers/STM32F4xx_HAL_Driver/Src/stm32f4xx_hal_i2c.c:1679:19:HAL_I2C_Master_Transmit_IT	24	static
../Drivers/STM32F4xx_HAL_Driver/Src/stm32f4xx_hal_i2c.c:1755:19:HAL_I2C_Master_Receive_IT	24	static
../Drivers/STM32F4xx_HAL_Driver/Src/stm32f4xx_hal_i2c.c:1833:19:HAL_I2C_Slave_Transmit_IT	8	static
../Drivers/STM32F4xx_HAL_Driver/Src/stm32f4xx_hal_i2c.c:1895:19:HAL_I2C_Slave_Receive_IT	8	static
../Drivers/STM32F4xx_HAL_Driver/Src/stm32f4xx_hal_i2c.c:1959:19:HAL_I2C_Master_Transmit_DMA	32	static
../Drivers/STM32F4xx_HAL_Driver/Src/stm32f4xx_hal_i2c.c:2113:19:HAL_I2C_Master_Receive_DMA	24	static
../Drivers/STM32F4xx_HAL_Driver/Src/stm32f4xx_hal_i2c.c:2265:19:HAL_I2C_Slave_Transmit_DMA	24	static
../Drivers/STM32F4xx_HAL_Driver/Src/stm32f4xx_hal_i2c.c:2379:19:HAL_I2C_Slave_Receive_DMA	24	static
../Drivers/STM32F4xx_HAL_Driver/Src/stm32f4xx_hal_i2c.c:2498:19:HAL_I2C_Mem_Write	40	static
../Drivers/STM32F4xx_HAL_Driver/Src/stm32f4xx_hal_i2c.c:2621:19:HAL_I2C_Mem_Read	56	static
../Drivers/STM32F4xx_HAL_Driver/Src/stm32f4xx_hal_i2c.c:2873:19:HAL_I2C_Mem_Write_IT	24	static
../Drivers/STM32F4xx_HAL_Driver/Src/stm32f4xx_hal_i2c.c:2957:19:HAL_I2C_Mem_Read_IT	32	static
../Drivers/STM32F4xx_HAL_Driver/Src/stm32f4xx_hal_i2c.c:3047:19:HAL_I2C_Mem_Write_DMA	48	static
../Drivers/STM32F4xx_HAL_Driver/Src/stm32f4xx_hal_i2c.c:3228:19:HAL_I2C_Mem_Read_DMA	56	static
../Drivers/STM32F4xx_HAL_Driver/Src/stm32f4xx_hal_i2c.c:3423:19:HAL_I2C_IsDeviceReady	56	static
../Drivers/STM32F4xx_HAL_Driver/Src/stm32f4xx_hal_i2c.c:3558:19:HAL_I2C_Master_Seq_Transmit_IT	32	static
../Drivers/STM32F4xx_HAL_Driver/Src/stm32f4xx_hal_i2c.c:3652:19:HAL_I2C_Master_Seq_Transmit_DMA	32	static
../Drivers/STM32F4xx_HAL_Driver/Src/stm32f4xx_hal_i2c.c:3831:19:HAL_I2C_Master_Seq_Receive_IT	32	static
../Drivers/STM32F4xx_HAL_Driver/Src/stm32f4xx_hal_i2c.c:3951:19:HAL_I2C_Master_Seq_Receive_DMA	32	static
../Drivers/STM32F4xx_HAL_Driver/Src/stm32f4xx_hal_i2c.c:4165:19:HAL_I2C_Slave_Seq_Transmit_IT	24	static
../Drivers/STM32F4xx_HAL_Driver/Src/stm32f4xx_hal_i2c.c:4231:19:HAL_I2C_Slave_Seq_Transmit_DMA	40	static
../Drivers/STM32F4xx_HAL_Driver/Src/stm32f4xx_hal_i2c.c:4405:19:HAL_I2C_Slave_Seq_Receive_IT	24	static
../Drivers/STM32F4xx_HAL_Driver/Src/stm32f4xx_hal_i2c.c:4471:19:HAL_I2C_Slave_Seq_Receive_DMA	40	static
../Drivers/STM32F4xx_HAL_Driver/Src/stm32f4xx_hal_i2c.c:4641:19:HAL_I2C_EnableListen_IT	0	static
../Drivers/STM32F4xx_HAL_Driver/Src/stm32f4xx_hal_i2c.c:4674:19:HAL_I2C_DisableListen_IT	0	static
../Drivers/STM32F4xx_HAL_Driver/Src/stm32f4xx_hal_i2c.c:5018:13:HAL_I2C_MasterTxCpltCallback	0	static
../Drivers/STM32F4xx_HAL_Driver/Src/stm32f4xx_hal_i2c.c:5034:13:HAL_I2C_MasterRxCpltCallback	0	static
../Drivers/STM32F4xx_HAL_Driver/Src/stm32f4xx_hal_i2c.c:5049:13:HAL_I2C_SlaveTxCpltCallback	0	static
../Drivers/STM32F4xx_HAL_Driver/Src/stm32f4xx_hal_i2c.c:5065:13:HAL_I2C_SlaveRxCpltCallback	0	static
../Drivers/STM32F4xx_HAL_Driver/Src/stm32f4xx_hal_i2c.c:5083:13:HAL_I2C_AddrCallback	0	static
../Drivers/STM32F4xx_HAL_Driver/Src/stm32f4xx_hal_i2c.c:5101:13:HAL_I2C_ListenCpltCallback	0	static
../Drivers/STM32F4xx_HAL_Driver/Src/stm32f4xx_hal_i2c.c:5117:13:HAL_I2C_MemTxCpltCallback	0	static
../Drivers/STM32F4xx_HAL_Driver/Src/stm32f4xx_hal_i2c.c:5419:13:I2C_MemoryTransmit_TXE_BTF	8	static
../Drivers/STM32F4xx_HAL_Driver/Src/stm32f4xx_hal_i2c.c:5133:13:HAL_I2C_MemRxCpltCallback	0	static
../Drivers/STM32F4xx_HAL_Driver/Src/stm32f4xx_hal_i2c.c:5149:13:HAL_I2C_ErrorCallback	0	static
../Drivers/STM32F4xx_HAL_Driver/Src/stm32f4xx_hal_i2c.c:7064:13:I2C_DMAError	8	static
../Drivers/STM32F4xx_HAL_Driver/Src/stm32f4xx_hal_i2c.c:6919:13:I2C_DMAXferCplt	16	static
../Drivers/STM32F4xx_HAL_Driver/Src/stm32f4xx_hal_i2c.c:5165:13:HAL_I2C_AbortCpltCallback	0	static
../Drivers/STM32F4xx_HAL_Driver/Src/stm32f4xx_hal_i2c.c:7105:13:I2C_DMAAbort	24	static
../Drivers/STM32F4xx_HAL_Driver/Src/stm32f4xx_hal_i2c.c:6394:13:I2C_ITError	8	static
../Drivers/STM32F4xx_HAL_Driver/Src/stm32f4xx_hal_i2c.c:4709:19:HAL_I2C_Master_Abort_IT	8	static
../Drivers/STM32F4xx_HAL_Driver/Src/stm32f4xx_hal_i2c.c:4769:6:HAL_I2C_EV_IRQHandler	80	static
../Drivers/STM32F4xx_HAL_Driver/Src/stm32f4xx_hal_i2c.c:4938:6:HAL_I2C_ER_IRQHandler	24	static
../Drivers/STM32F4xx_HAL_Driver/Src/stm32f4xx_hal_i2c.c:5200:22:HAL_I2C_GetState	0	static
../Drivers/STM32F4xx_HAL_Driver/Src/stm32f4xx_hal_i2c.c:5212:21:HAL_I2C_GetMode	0	static
../Drivers/STM32F4xx_HAL_Driver/Src/stm32f4xx_hal_i2c.c:5223:10:HAL_I2C_GetError	0	static
