../Drivers/STM32F4xx_HAL_Driver/Src/stm32f4xx_hal.c:219:13:HAL_MspInit	0	static
../Drivers/STM32F4xx_HAL_Driver/Src/stm32f4xx_hal.c:230:13:HAL_MspDeInit	0	static
../Drivers/STM32F4xx_HAL_Driver/Src/stm32f4xx_hal.c:190:19:HAL_DeInit	8	static
../Drivers/STM32F4xx_HAL_Driver/Src/stm32f4xx_hal.c:253:26:HAL_InitTick	16	static
../Drivers/STM32F4xx_HAL_Driver/Src/stm32f4xx_hal.c:157:19:HAL_Init	8	static
../Drivers/STM32F4xx_HAL_Driver/Src/stm32f4xx_hal.c:312:13:HAL_IncTick	0	static
../Drivers/STM32F4xx_HAL_Driver/Src/stm32f4xx_hal.c:323:17:HAL_GetTick	0	static
../Drivers/STM32F4xx_HAL_Driver/Src/stm32f4xx_hal.c:332:10:HAL_GetTickPrio	0	static
../Drivers/STM32F4xx_HAL_Driver/Src/stm32f4xx_hal.c:341:19:HAL_SetTickFreq	16	static
../Drivers/STM32F4xx_HAL_Driver/Src/stm32f4xx_hal.c:374:21:HAL_GetTickFreq	0	static
../Drivers/STM32F4xx_HAL_Driver/Src/stm32f4xx_hal.c:390:13:HAL_Delay	16	static
../Drivers/STM32F4xx_HAL_Driver/Src/stm32f4xx_hal.c:416:13:HAL_SuspendTick	0	static
../Drivers/STM32F4xx_HAL_Driver/Src/stm32f4xx_hal.c:432:13:HAL_ResumeTick	0	static
../Drivers/STM32F4xx_HAL_Driver/Src/stm32f4xx_hal.c:442:10:HAL_GetHalVersion	0	static
../Drivers/STM32F4xx_HAL_Driver/Src/stm32f4xx_hal.c:451:10:HAL_GetREVID	0	static
../Drivers/STM32F4xx_HAL_Driver/Src/stm32f4xx_hal.c:460:10:HAL_GetDEVID	0	static
../Drivers/STM32F4xx_HAL_Driver/Src/stm32f4xx_hal.c:469:6:HAL_DBGMCU_EnableDBGSleepMode	0	static
../Drivers/STM32F4xx_HAL_Driver/Src/stm32f4xx_hal.c:478:6:HAL_DBGMCU_DisableDBGSleepMode	0	static
../Drivers/STM32F4xx_HAL_Driver/Src/stm32f4xx_hal.c:487:6:HAL_DBGMCU_EnableDBGStopMode	0	static
../Drivers/STM32F4xx_HAL_Driver/Src/stm32f4xx_hal.c:496:6:HAL_DBGMCU_DisableDBGStopMode	0	static
../Drivers/STM32F4xx_HAL_Driver/Src/stm32f4xx_hal.c:505:6:HAL_DBGMCU_EnableDBGStandbyMode	0	static
../Drivers/STM32F4xx_HAL_Driver/Src/stm32f4xx_hal.c:514:6:HAL_DBGMCU_DisableDBGStandbyMode	0	static
../Drivers/STM32F4xx_HAL_Driver/Src/stm32f4xx_hal.c:525:6:HAL_EnableCompensationCell	0	static
../Drivers/STM32F4xx_HAL_Driver/Src/stm32f4xx_hal.c:536:6:HAL_DisableCompensationCell	0	static
../Drivers/STM32F4xx_HAL_Driver/Src/stm32f4xx_hal.c:545:10:HAL_GetUIDw0	0	static
../Drivers/STM32F4xx_HAL_Driver/Src/stm32f4xx_hal.c:554:10:HAL_GetUIDw1	0	static
../Drivers/STM32F4xx_HAL_Driver/Src/stm32f4xx_hal.c:563:10:HAL_GetUIDw2	0	static
../Drivers/STM32F4xx_HAL_Driver/Src/stm32f4xx_hal.c:580:6:HAL_EnableMemorySwappingBank	0	static
../Drivers/STM32F4xx_HAL_Driver/Src/stm32f4xx_hal.c:595:6:HAL_DisableMemorySwappingBank	0	static
