C:\ST\STM32CubeIDE_1.14.1\STM32CubeIDE\plugins\com.st.stm32cube.ide.mcu.externaltools.gnu-tools-for-stm32.12.3.rel1.win32_1.0.200.202406191623\tools\arm-none-eabi\include\c++\12.3.1\arm-none-eabi\thumb\v7e-m+dp\hard\bits\gthr-default.h:229:1:int __gthread_key_delete(__gthread_key_t)	16	static
../../Drivers/CMSIS/Include/core_cm7.h:1871:22:void __NVIC_SetPriorityGrouping(uint32_t)	24	static
../Program/Src/app.cpp:157:6:void DataLoggingThread(void*)	16	static
../Program/Src/app.cpp:176:6:void TimestampThread(void*)	16	static
../Program/Src/app.cpp:218:6:void RelayThread(void*)	16	static
../Program/Src/app.cpp:249:6:void EcuThread(void*)	16	static
../Program/Src/app.cpp:328:6:void cppMain()	24	static,ignoring_inline_asm
../Program/Src/app.cpp:359:6:void RtosInit()	8	static
