../Drivers/STM32F4xx_HAL_Driver/Src/stm32f4xx_hal_eth.c:335:19:HAL_ETH_Init	24	static
../Drivers/STM32F4xx_HAL_Driver/Src/stm32f4xx_hal_eth.c:421:19:HAL_ETH_DeInit	16	static
../Drivers/STM32F4xx_HAL_Driver/Src/stm32f4xx_hal_eth.c:454:13:HAL_ETH_MspInit	16	static
../Drivers/STM32F4xx_HAL_Driver/Src/stm32f4xx_hal_eth.c:469:13:HAL_ETH_MspDeInit	16	static
../Drivers/STM32F4xx_HAL_Driver/Src/stm32f4xx_hal_eth.c:696:19:HAL_ETH_Start	24	static
../Drivers/STM32F4xx_HAL_Driver/Src/stm32f4xx_hal_eth.c:753:19:HAL_ETH_Start_IT	24	static
../Drivers/STM32F4xx_HAL_Driver/Src/stm32f4xx_hal_eth.c:830:19:HAL_ETH_Stop	24	static
../Drivers/STM32F4xx_HAL_Driver/Src/stm32f4xx_hal_eth.c:883:19:HAL_ETH_Stop_IT	32	static
../Drivers/STM32F4xx_HAL_Driver/Src/stm32f4xx_hal_eth.c:953:19:HAL_ETH_Transmit	32	static,ignoring_inline_asm
../Drivers/STM32F4xx_HAL_Driver/Src/stm32f4xx_hal_eth.c:1028:19:HAL_ETH_Transmit_IT	16	static,ignoring_inline_asm
../Drivers/STM32F4xx_HAL_Driver/Src/stm32f4xx_hal_eth.c:1080:19:HAL_ETH_ReadData	40	static
../Drivers/STM32F4xx_HAL_Driver/Src/stm32f4xx_hal_eth.c:1194:13:ETH_UpdateDescriptor	40	static,ignoring_inline_asm
../Drivers/STM32F4xx_HAL_Driver/Src/stm32f4xx_hal_eth.c:1275:19:HAL_ETH_RegisterRxAllocateCallback	16	static
../Drivers/STM32F4xx_HAL_Driver/Src/stm32f4xx_hal_eth.c:1296:19:HAL_ETH_UnRegisterRxAllocateCallback	16	static
../Drivers/STM32F4xx_HAL_Driver/Src/stm32f4xx_hal_eth.c:1309:13:HAL_ETH_RxAllocateCallback	16	static
../Drivers/STM32F4xx_HAL_Driver/Src/stm32f4xx_hal_eth.c:1326:13:HAL_ETH_RxLinkCallback	24	static
../Drivers/STM32F4xx_HAL_Driver/Src/stm32f4xx_hal_eth.c:1345:19:HAL_ETH_RegisterRxLinkCallback	16	static
../Drivers/STM32F4xx_HAL_Driver/Src/stm32f4xx_hal_eth.c:1365:19:HAL_ETH_UnRegisterRxLinkCallback	16	static
../Drivers/STM32F4xx_HAL_Driver/Src/stm32f4xx_hal_eth.c:1380:19:HAL_ETH_GetRxDataErrorCode	16	static
../Drivers/STM32F4xx_HAL_Driver/Src/stm32f4xx_hal_eth.c:1395:19:HAL_ETH_RegisterTxFreeCallback	16	static
../Drivers/STM32F4xx_HAL_Driver/Src/stm32f4xx_hal_eth.c:1415:19:HAL_ETH_UnRegisterTxFreeCallback	16	static
../Drivers/STM32F4xx_HAL_Driver/Src/stm32f4xx_hal_eth.c:1428:13:HAL_ETH_TxFreeCallback	16	static
../Drivers/STM32F4xx_HAL_Driver/Src/stm32f4xx_hal_eth.c:1443:19:HAL_ETH_ReleaseTxPacket	32	static
../Drivers/STM32F4xx_HAL_Driver/Src/stm32f4xx_hal_eth.c:1870:6:HAL_ETH_IRQHandler	16	static
../Drivers/STM32F4xx_HAL_Driver/Src/stm32f4xx_hal_eth.c:1987:13:HAL_ETH_TxCpltCallback	16	static
../Drivers/STM32F4xx_HAL_Driver/Src/stm32f4xx_hal_eth.c:2002:13:HAL_ETH_RxCpltCallback	16	static
../Drivers/STM32F4xx_HAL_Driver/Src/stm32f4xx_hal_eth.c:2017:13:HAL_ETH_ErrorCallback	16	static
../Drivers/STM32F4xx_HAL_Driver/Src/stm32f4xx_hal_eth.c:2032:13:HAL_ETH_PMTCallback	16	static
../Drivers/STM32F4xx_HAL_Driver/Src/stm32f4xx_hal_eth.c:2048:13:HAL_ETH_WakeUpCallback	16	static
../Drivers/STM32F4xx_HAL_Driver/Src/stm32f4xx_hal_eth.c:2066:19:HAL_ETH_ReadPHYRegister	32	static
../Drivers/STM32F4xx_HAL_Driver/Src/stm32f4xx_hal_eth.c:2118:19:HAL_ETH_WritePHYRegister	32	static
../Drivers/STM32F4xx_HAL_Driver/Src/stm32f4xx_hal_eth.c:2186:19:HAL_ETH_GetMACConfig	16	static
../Drivers/STM32F4xx_HAL_Driver/Src/stm32f4xx_hal_eth.c:2229:19:HAL_ETH_GetDMAConfig	16	static
../Drivers/STM32F4xx_HAL_Driver/Src/stm32f4xx_hal_eth.c:2268:19:HAL_ETH_SetMACConfig	16	static
../Drivers/STM32F4xx_HAL_Driver/Src/stm32f4xx_hal_eth.c:2295:19:HAL_ETH_SetDMAConfig	16	static
../Drivers/STM32F4xx_HAL_Driver/Src/stm32f4xx_hal_eth.c:2320:6:HAL_ETH_SetMDIOClockRange	24	static
../Drivers/STM32F4xx_HAL_Driver/Src/stm32f4xx_hal_eth.c:2372:19:HAL_ETH_SetMACFilterConfig	24	static
../Drivers/STM32F4xx_HAL_Driver/Src/stm32f4xx_hal_eth.c:2413:19:HAL_ETH_GetMACFilterConfig	16	static
../Drivers/STM32F4xx_HAL_Driver/Src/stm32f4xx_hal_eth.c:2450:19:HAL_ETH_SetSourceMACAddrMatch	32	static
../Drivers/STM32F4xx_HAL_Driver/Src/stm32f4xx_hal_eth.c:2486:19:HAL_ETH_SetHashTable	24	static
../Drivers/STM32F4xx_HAL_Driver/Src/stm32f4xx_hal_eth.c:2522:6:HAL_ETH_SetRxVLANIdentifier	32	static
../Drivers/STM32F4xx_HAL_Driver/Src/stm32f4xx_hal_eth.c:2550:6:HAL_ETH_EnterPowerDownMode	24	static
../Drivers/STM32F4xx_HAL_Driver/Src/stm32f4xx_hal_eth.c:2568:6:HAL_ETH_ExitPowerDownMode	24	static
../Drivers/STM32F4xx_HAL_Driver/Src/stm32f4xx_hal_eth.c:2605:19:HAL_ETH_SetWakeUpFilter	32	static
../Drivers/STM32F4xx_HAL_Driver/Src/stm32f4xx_hal_eth.c:2654:22:HAL_ETH_GetState	16	static
../Drivers/STM32F4xx_HAL_Driver/Src/stm32f4xx_hal_eth.c:2665:10:HAL_ETH_GetError	16	static
../Drivers/STM32F4xx_HAL_Driver/Src/stm32f4xx_hal_eth.c:2676:10:HAL_ETH_GetDMAError	16	static
../Drivers/STM32F4xx_HAL_Driver/Src/stm32f4xx_hal_eth.c:2687:10:HAL_ETH_GetMACError	16	static
../Drivers/STM32F4xx_HAL_Driver/Src/stm32f4xx_hal_eth.c:2698:10:HAL_ETH_GetMACWakeUpSource	16	static
../Drivers/STM32F4xx_HAL_Driver/Src/stm32f4xx_hal_eth.c:2721:13:ETH_FlushTransmitFIFO	24	static
../Drivers/STM32F4xx_HAL_Driver/Src/stm32f4xx_hal_eth.c:2735:13:ETH_SetMACConfig	24	static
../Drivers/STM32F4xx_HAL_Driver/Src/stm32f4xx_hal_eth.c:2792:13:ETH_SetDMAConfig	24	static
../Drivers/STM32F4xx_HAL_Driver/Src/stm32f4xx_hal_eth.c:2846:13:ETH_MACDMAConfig	160	static
../Drivers/STM32F4xx_HAL_Driver/Src/stm32f4xx_hal_eth.c:2910:13:ETH_MACAddressConfig	32	static
../Drivers/STM32F4xx_HAL_Driver/Src/stm32f4xx_hal_eth.c:2935:13:ETH_DMATxDescListInit	24	static
../Drivers/STM32F4xx_HAL_Driver/Src/stm32f4xx_hal_eth.c:2981:13:ETH_DMARxDescListInit	24	static
../Drivers/STM32F4xx_HAL_Driver/Src/stm32f4xx_hal_eth.c:3038:17:ETH_Prepare_Tx_Descriptors	56	static,ignoring_inline_asm
